---
source: crates/tele_parser/tests/parse.rs
assertion_line: 27
expression: parser.parse()

---
Ok(
    StyleSheetNode {
        loc: Loc {
            start: Pos {
                offset: 0,
                line: 1,
                column: 1,
            },
            end: Pos {
                offset: 60,
                line: 4,
                column: 7,
            },
        },
        statements: [
            RuleSet(
                RuleSetNode {
                    loc: Loc {
                        start: Pos {
                            offset: 5,
                            line: 2,
                            column: 6,
                        },
                        end: Pos {
                            offset: 58,
                            line: 4,
                            column: 5,
                        },
                    },
                    prelude: ".foo",
                    declarations: [
                        DeclarationNode {
                            loc: Loc {
                                start: Pos {
                                    offset: 12,
                                    line: 2,
                                    column: 13,
                                },
                                end: Pos {
                                    offset: 22,
                                    line: 2,
                                    column: 23,
                                },
                            },
                            name: "color",
                            value: "red",
                            important: false,
                        },
                        DeclarationNode {
                            loc: Loc {
                                start: Pos {
                                    offset: 28,
                                    line: 3,
                                    column: 6,
                                },
                                end: Pos {
                                    offset: 54,
                                    line: 3,
                                    column: 32,
                                },
                            },
                            name: "background",
                            value: "url(bar.png)",
                            important: false,
                        },
                    ],
                },
            ),
        ],
    },
)
